Script started on Tue 09 Jun 2015 12:05:28 AM PDT
~
htang014@hammer $ cd rshell
~/rshell
htang014@hammer $ make
mkdir -p bin
g++ -ansi -pedantic -Wall -Werror src/rshell.cpp -o bin/rshell
g++ src/cp.cpp -o bin/cp
g++ -ansi -pedantic -Wall -Werror src/ls.cpp -o bin/ls -Wno-write-strings
g++ -ansi -pedantic -Wall -Werror src/rshell.cpp -o bin/rshell
~/rshell
htang014@hammer $ bin/rshell
~/rshell
htang014@hammer $ ls #command no params
bin  LICENSE  Makefile	README.md  src	tests

~/rshell
htang014@hammer $ ls -a -l #command w/ params
total 44
drwx------  6 htang014 classes 4096 Jun  8 23:08 .
drwx------ 28 htang014 classes 8192 Jun  8 23:57 ..
drwx------  2 htang014 classes 4096 Jun  8 23:58 bin
drwx------  8 htang014 classes 4096 Jun  8 23:46 .git
-rw-------  1 htang014 classes 1076 Jun  8 23:07 LICENSE
-rw-------  1 htang014 classes  262 Jun  8 23:07 Makefile
-rw-------  1 htang014 classes 6411 Jun  8 23:07 README.md
drwx------  2 htang014 classes 4096 Jun  8 23:57 src
drwx------  2 htang014 classes 4096 Jun  8 23:58 tests

~/rshell
htang014@hammer $ ls -a -a -a -a -a -a -a -a -a -a -a -l #lots of parameters
total 44
drwx------  6 htang014 classes 4096 Jun  8 23:08 .
drwx------ 28 htang014 classes 8192 Jun  8 23:57 ..
drwx------  2 htang014 classes 4096 Jun  8 23:58 bin
drwx------  8 htang014 classes 4096 Jun  8 23:46 .git
-rw-------  1 htang014 classes 1076 Jun  8 23:07 LICENSE
-rw-------  1 htang014 classes  262 Jun  8 23:07 Makefile
-rw-------  1 htang014 classes 6411 Jun  8 23:07 README.md
drwx------  2 htang014 classes 4096 Jun  8 23:57 src
drwx------  2 htang014 classes 4096 Jun  8 23:58 tests

~/rshell
htang014@hammer $ ls && bin/rshell #/bin command w/ rshell command
bin  LICENSE  Makefile	README.md  src	tests
~/rshell
htang014@hammer $ exit

~/rshell
htang014@hammer $ foo #error message on bad command
There was an error with execvp(): No such file or directory

~/rshell
htang014@hammer $ ls   -a      -l #spaces between parameters
total 44
drwx------  6 htang014 classes 4096 Jun  8 23:08 .
drwx------ 28 htang014 classes 8192 Jun  8 23:57 ..
drwx------  2 htang014 classes 4096 Jun  8 23:58 bin
drwx------  8 htang014 classes 4096 Jun  8 23:46 .git
-rw-------  1 htang014 classes 1076 Jun  8 23:07 LICENSE
-rw-------  1 htang014 classes  262 Jun  8 23:07 Makefile
-rw-------  1 htang014 classes 6411 Jun  8 23:07 README.md
drwx------  2 htang014 classes 4096 Jun  8 23:57 src
drwx------  2 htang014 classes 4096 Jun  8 23:58 tests

~/rshell
htang014@hammer $ ls && ps #and connector success
bin  LICENSE  Makefile	README.md  src	tests
  PID TTY          TIME CMD
27347 pts/54   00:00:00 bash
27429 pts/54   00:00:00 rshell
29206 pts/54   00:00:00 ps

~/rshell
htang014@hammer $ l foo && ps #and connector fail
There was an error with execvp(): No such file or directory

~/rshell
htang014@hammer $ ls || ps #or connector success
bin  LICENSE  Makefile	README.md  src	tests

~/rshell
htang014@hammer $ foo || ps #or connector fail
There was an error with execvp(): No such file or directory
  PID TTY          TIME CMD
27347 pts/54   00:00:00 bash
27429 pts/54   00:00:00 rshell
29234 pts/54   00:00:00 ps

~/rshell
htang014@hammer $ ls ; ps #break connector success
bin  LICENSE  Makefile	README.md  src	tests
  PID TTY          TIME CMD
27347 pts/54   00:00:00 bash
27429 pts/54   00:00:00 rshell
29244 pts/54   00:00:00 ps

~/rshell
htang014@hammer $ foo ; ps #break connector fail
There was an error with execvp(): No such file or directory
  PID TTY          TIME CMD
27347 pts/54   00:00:00 bash
27429 pts/54   00:00:00 rshell
29258 pts/54   00:00:00 ps

~/rshell
htang014@hammer $ ls && ps && ls && ps && ls #chaining
bin  LICENSE  Makefile	README.md  src	tests
  PID TTY          TIME CMD
27347 pts/54   00:00:00 bash
27429 pts/54   00:00:00 rshell
29275 pts/54   00:00:00 ps
bin  LICENSE  Makefile	README.md  src	tests
  PID TTY          TIME CMD
27347 pts/54   00:00:00 bash
27429 pts/54   00:00:00 rshell
29277 pts/54   00:00:00 ps
bin  LICENSE  Makefile	README.md  src	tests

~/rshell
htang014@hammer $ ls && ls && ls && ls && ls && ls && ls #more chaining
bin  LICENSE  Makefile	README.md  src	tests
bin  LICENSE  Makefile	README.md  src	tests
bin  LICENSE  Makefile	README.md  src	tests
bin  LICENSE  Makefile	README.md  src	tests
bin  LICENSE  Makefile	README.md  src	tests
bin  LICENSE  Makefile	README.md  src	tests
bin  LICENSE  Makefile	README.md  src	tests

~/rshell
htang014@hammer $ ls && ps || pwd #commands with mixed operators
bin  LICENSE  Makefile	README.md  src	tests
  PID TTY          TIME CMD
27347 pts/54   00:00:00 bash
27429 pts/54   00:00:00 rshell
29355 pts/54   00:00:00 ps

~/rshell
htang014@hammer $ ls ; foo || ps && pwd
bin  LICENSE  Makefile	README.md  src	tests
There was an error with execvp(): No such file or directory
  PID TTY          TIME CMD
27347 pts/54   00:00:00 bash
27429 pts/54   00:00:00 rshell
29418 pts/54   00:00:00 ps
/class/classes/htang014/rshell

~/rshell
htang014@hammer $ ; ls -l||cat #no spaces or empty argument on connector
total 28
drwx------ 2 htang014 classes 4096 Jun  8 23:58 bin
-rw------- 1 htang014 classes 1076 Jun  8 23:07 LICENSE
-rw------- 1 htang014 classes  262 Jun  8 23:07 Makefile
-rw------- 1 htang014 classes 6411 Jun  8 23:07 README.md
drwx------ 2 htang014 classes 4096 Jun  8 23:57 src
drwx------ 2 htang014 classes 4096 Jun  8 23:58 tests

~/rshell
htang014@hammer $ exit #exit by itself
~/rshell
htang014@hammer $ bin/rshell
~/rshell
htang014@hammer $ exit -foo -bar #exit with parameters still works
~/rshell
htang014@hammer $ bin/rshell
~/rshell
htang014@hammer $ ls -l exit #exit as a param doesnt work
ls: cannot access exit: No such file or directory

~/rshell
htang014@hammer $ ls -l ; exit #exit in chain exits
total 28
drwx------ 2 htang014 classes 4096 Jun  8 23:58 bin
-rw------- 1 htang014 classes 1076 Jun  8 23:07 LICENSE
-rw------- 1 htang014 classes  262 Jun  8 23:07 Makefile
-rw------- 1 htang014 classes 6411 Jun  8 23:07 README.md
drwx------ 2 htang014 classes 4096 Jun  8 23:57 src
drwx------ 2 htang014 classes 4096 Jun  8 23:58 tests
~/rshell
htang014@hammer $ bin/rshell
~/rshell
htang014@hammer $ ls -l #comment within command
total 28
drwx------ 2 htang014 classes 4096 Jun  8 23:58 bin
-rw------- 1 htang014 classes 1076 Jun  8 23:07 LICENSE
-rw------- 1 htang014 classes  262 Jun  8 23:07 Makefile
-rw------- 1 htang014 classes 6411 Jun  8 23:07 README.md
drwx------ 2 htang014 classes 4096 Jun  8 23:57 src
drwx------ 2 htang014 classes 4096 Jun  8 23:58 tests

~/rshell
htang014@hammer $ #comment on empty line
~/rshell
htang014@hammer $ ls -l#comment touching a command
total 28
drwx------ 2 htang014 classes 4096 Jun  8 23:58 bin
-rw------- 1 htang014 classes 1076 Jun  8 23:07 LICENSE
-rw------- 1 htang014 classes  262 Jun  8 23:07 Makefile
-rw------- 1 htang014 classes 6411 Jun  8 23:07 README.md
drwx------ 2 htang014 classes 4096 Jun  8 23:57 src
drwx------ 2 htang014 classes 4096 Jun  8 23:58 tests

~/rshell
htang014@hammer $ exit
~/rshell
htang014@hammer $ exit
exit

Script done on Tue 09 Jun 2015 12:13:15 AM PDT
